// Jest Snapshot v1, https://goo.gl/fbAQLP

exports[`About should match snapshot 1`] = `
ShallowWrapper {
  "length": 1,
  Symbol(enzyme.__root__): [Circular],
  Symbol(enzyme.__unrendered__): <Unknown />,
  Symbol(enzyme.__renderer__): Object {
    "batchedUpdates": [Function],
    "getNode": [Function],
    "render": [Function],
    "simulateEvent": [Function],
    "unmount": [Function],
  },
  Symbol(enzyme.__node__): Object {
    "instance": null,
    "key": undefined,
    "nodeType": "host",
    "props": Object {
      "children": Array [
        <h3>
          Ever wonder if the news on your social media feed is legit?
</h3>,
        <h3>
          Paste the article URL in question into the search bar above and News-rater will tell you what it thinks
</h3>,
        <p>
          According to the Pew Research Center, two-thirds (67%) of Americans report they get at least some of their news from social media (Aug 2017). Facebook leads social media sites as a news outlet and is largely uncontrolled. Users can post 'fake news' and reach a large user base. This is a concerning issue - especially in light of reports of Russian interference in the 2016 election. This site attempts the 
          <b>
                    first step in creating what Facebook or Twitter should do
          </b>
           to make their user base more aware. The first step is being able to assess the validity of an online news article in a completely automated way by simply having access to the url. The url (online article) should be assessed according to a set of criteria and scored for the possiblity of being valid, unbiased news. The end goal is that 
          <b>
                    Facebook
          </b>
           and other social media giants will one day 
          <b>
                    score every article posted
          </b>
          , so that readers are alert to the implications. Disclaimer: this is NOT a fact-checker!
</p>,
        <div
          className="redirect"
>
          <div
                    className="go-example"
          >
                    <p>
                              suggested URLs:
                    </p>
                    <button
                              onClick={[Function]}
                    >
                              Example
                    </button>
          </div>
          <div
                    className="go-methods"
          >
                    <p>
                              how scores are formulated:
                    </p>
                    <button
                              onClick={[Function]}
                    >
                              Methods
                    </button>
          </div>
</div>,
        <div
          className="credits"
>
          <h5>
                    created by:
          </h5>
          <h5>
                    Bruce Chung
          </h5>
</div>,
      ],
      "className": "About",
    },
    "ref": null,
    "rendered": Array [
      Object {
        "instance": null,
        "key": undefined,
        "nodeType": "host",
        "props": Object {
          "children": "Ever wonder if the news on your social media feed is legit?",
        },
        "ref": null,
        "rendered": "Ever wonder if the news on your social media feed is legit?",
        "type": "h3",
      },
      Object {
        "instance": null,
        "key": undefined,
        "nodeType": "host",
        "props": Object {
          "children": "Paste the article URL in question into the search bar above and News-rater will tell you what it thinks",
        },
        "ref": null,
        "rendered": "Paste the article URL in question into the search bar above and News-rater will tell you what it thinks",
        "type": "h3",
      },
      Object {
        "instance": null,
        "key": undefined,
        "nodeType": "host",
        "props": Object {
          "children": Array [
            "According to the Pew Research Center, two-thirds (67%) of Americans report they get at least some of their news from social media (Aug 2017). Facebook leads social media sites as a news outlet and is largely uncontrolled. Users can post 'fake news' and reach a large user base. This is a concerning issue - especially in light of reports of Russian interference in the 2016 election. This site attempts the ",
            <b>
              first step in creating what Facebook or Twitter should do
</b>,
            " to make their user base more aware. The first step is being able to assess the validity of an online news article in a completely automated way by simply having access to the url. The url (online article) should be assessed according to a set of criteria and scored for the possiblity of being valid, unbiased news. The end goal is that ",
            <b>
              Facebook
</b>,
            " and other social media giants will one day ",
            <b>
              score every article posted
</b>,
            ", so that readers are alert to the implications. Disclaimer: this is NOT a fact-checker!",
          ],
        },
        "ref": null,
        "rendered": Array [
          "According to the Pew Research Center, two-thirds (67%) of Americans report they get at least some of their news from social media (Aug 2017). Facebook leads social media sites as a news outlet and is largely uncontrolled. Users can post 'fake news' and reach a large user base. This is a concerning issue - especially in light of reports of Russian interference in the 2016 election. This site attempts the ",
          Object {
            "instance": null,
            "key": undefined,
            "nodeType": "host",
            "props": Object {
              "children": "first step in creating what Facebook or Twitter should do",
            },
            "ref": null,
            "rendered": "first step in creating what Facebook or Twitter should do",
            "type": "b",
          },
          " to make their user base more aware. The first step is being able to assess the validity of an online news article in a completely automated way by simply having access to the url. The url (online article) should be assessed according to a set of criteria and scored for the possiblity of being valid, unbiased news. The end goal is that ",
          Object {
            "instance": null,
            "key": undefined,
            "nodeType": "host",
            "props": Object {
              "children": "Facebook",
            },
            "ref": null,
            "rendered": "Facebook",
            "type": "b",
          },
          " and other social media giants will one day ",
          Object {
            "instance": null,
            "key": undefined,
            "nodeType": "host",
            "props": Object {
              "children": "score every article posted",
            },
            "ref": null,
            "rendered": "score every article posted",
            "type": "b",
          },
          ", so that readers are alert to the implications. Disclaimer: this is NOT a fact-checker!",
        ],
        "type": "p",
      },
      Object {
        "instance": null,
        "key": undefined,
        "nodeType": "host",
        "props": Object {
          "children": Array [
            <div
              className="go-example"
>
              <p>
                            suggested URLs:
              </p>
              <button
                            onClick={[Function]}
              >
                            Example
              </button>
</div>,
            <div
              className="go-methods"
>
              <p>
                            how scores are formulated:
              </p>
              <button
                            onClick={[Function]}
              >
                            Methods
              </button>
</div>,
          ],
          "className": "redirect",
        },
        "ref": null,
        "rendered": Array [
          Object {
            "instance": null,
            "key": undefined,
            "nodeType": "host",
            "props": Object {
              "children": Array [
                <p>
                  suggested URLs:
</p>,
                <button
                  onClick={[Function]}
>
                  Example
</button>,
              ],
              "className": "go-example",
            },
            "ref": null,
            "rendered": Array [
              Object {
                "instance": null,
                "key": undefined,
                "nodeType": "host",
                "props": Object {
                  "children": "suggested URLs:",
                },
                "ref": null,
                "rendered": "suggested URLs:",
                "type": "p",
              },
              Object {
                "instance": null,
                "key": undefined,
                "nodeType": "host",
                "props": Object {
                  "children": "Example",
                  "onClick": [Function],
                },
                "ref": null,
                "rendered": "Example",
                "type": "button",
              },
            ],
            "type": "div",
          },
          Object {
            "instance": null,
            "key": undefined,
            "nodeType": "host",
            "props": Object {
              "children": Array [
                <p>
                  how scores are formulated:
</p>,
                <button
                  onClick={[Function]}
>
                  Methods
</button>,
              ],
              "className": "go-methods",
            },
            "ref": null,
            "rendered": Array [
              Object {
                "instance": null,
                "key": undefined,
                "nodeType": "host",
                "props": Object {
                  "children": "how scores are formulated:",
                },
                "ref": null,
                "rendered": "how scores are formulated:",
                "type": "p",
              },
              Object {
                "instance": null,
                "key": undefined,
                "nodeType": "host",
                "props": Object {
                  "children": "Methods",
                  "onClick": [Function],
                },
                "ref": null,
                "rendered": "Methods",
                "type": "button",
              },
            ],
            "type": "div",
          },
        ],
        "type": "div",
      },
      Object {
        "instance": null,
        "key": undefined,
        "nodeType": "host",
        "props": Object {
          "children": Array [
            <h5>
              created by:
</h5>,
            <h5>
              Bruce Chung
</h5>,
          ],
          "className": "credits",
        },
        "ref": null,
        "rendered": Array [
          Object {
            "instance": null,
            "key": undefined,
            "nodeType": "host",
            "props": Object {
              "children": "created by:",
            },
            "ref": null,
            "rendered": "created by:",
            "type": "h5",
          },
          Object {
            "instance": null,
            "key": undefined,
            "nodeType": "host",
            "props": Object {
              "children": "Bruce Chung",
            },
            "ref": null,
            "rendered": "Bruce Chung",
            "type": "h5",
          },
        ],
        "type": "div",
      },
    ],
    "type": "div",
  },
  Symbol(enzyme.__nodes__): Array [
    Object {
      "instance": null,
      "key": undefined,
      "nodeType": "host",
      "props": Object {
        "children": Array [
          <h3>
            Ever wonder if the news on your social media feed is legit?
</h3>,
          <h3>
            Paste the article URL in question into the search bar above and News-rater will tell you what it thinks
</h3>,
          <p>
            According to the Pew Research Center, two-thirds (67%) of Americans report they get at least some of their news from social media (Aug 2017). Facebook leads social media sites as a news outlet and is largely uncontrolled. Users can post 'fake news' and reach a large user base. This is a concerning issue - especially in light of reports of Russian interference in the 2016 election. This site attempts the 
            <b>
                        first step in creating what Facebook or Twitter should do
            </b>
             to make their user base more aware. The first step is being able to assess the validity of an online news article in a completely automated way by simply having access to the url. The url (online article) should be assessed according to a set of criteria and scored for the possiblity of being valid, unbiased news. The end goal is that 
            <b>
                        Facebook
            </b>
             and other social media giants will one day 
            <b>
                        score every article posted
            </b>
            , so that readers are alert to the implications. Disclaimer: this is NOT a fact-checker!
</p>,
          <div
            className="redirect"
>
            <div
                        className="go-example"
            >
                        <p>
                                    suggested URLs:
                        </p>
                        <button
                                    onClick={[Function]}
                        >
                                    Example
                        </button>
            </div>
            <div
                        className="go-methods"
            >
                        <p>
                                    how scores are formulated:
                        </p>
                        <button
                                    onClick={[Function]}
                        >
                                    Methods
                        </button>
            </div>
</div>,
          <div
            className="credits"
>
            <h5>
                        created by:
            </h5>
            <h5>
                        Bruce Chung
            </h5>
</div>,
        ],
        "className": "About",
      },
      "ref": null,
      "rendered": Array [
        Object {
          "instance": null,
          "key": undefined,
          "nodeType": "host",
          "props": Object {
            "children": "Ever wonder if the news on your social media feed is legit?",
          },
          "ref": null,
          "rendered": "Ever wonder if the news on your social media feed is legit?",
          "type": "h3",
        },
        Object {
          "instance": null,
          "key": undefined,
          "nodeType": "host",
          "props": Object {
            "children": "Paste the article URL in question into the search bar above and News-rater will tell you what it thinks",
          },
          "ref": null,
          "rendered": "Paste the article URL in question into the search bar above and News-rater will tell you what it thinks",
          "type": "h3",
        },
        Object {
          "instance": null,
          "key": undefined,
          "nodeType": "host",
          "props": Object {
            "children": Array [
              "According to the Pew Research Center, two-thirds (67%) of Americans report they get at least some of their news from social media (Aug 2017). Facebook leads social media sites as a news outlet and is largely uncontrolled. Users can post 'fake news' and reach a large user base. This is a concerning issue - especially in light of reports of Russian interference in the 2016 election. This site attempts the ",
              <b>
                first step in creating what Facebook or Twitter should do
</b>,
              " to make their user base more aware. The first step is being able to assess the validity of an online news article in a completely automated way by simply having access to the url. The url (online article) should be assessed according to a set of criteria and scored for the possiblity of being valid, unbiased news. The end goal is that ",
              <b>
                Facebook
</b>,
              " and other social media giants will one day ",
              <b>
                score every article posted
</b>,
              ", so that readers are alert to the implications. Disclaimer: this is NOT a fact-checker!",
            ],
          },
          "ref": null,
          "rendered": Array [
            "According to the Pew Research Center, two-thirds (67%) of Americans report they get at least some of their news from social media (Aug 2017). Facebook leads social media sites as a news outlet and is largely uncontrolled. Users can post 'fake news' and reach a large user base. This is a concerning issue - especially in light of reports of Russian interference in the 2016 election. This site attempts the ",
            Object {
              "instance": null,
              "key": undefined,
              "nodeType": "host",
              "props": Object {
                "children": "first step in creating what Facebook or Twitter should do",
              },
              "ref": null,
              "rendered": "first step in creating what Facebook or Twitter should do",
              "type": "b",
            },
            " to make their user base more aware. The first step is being able to assess the validity of an online news article in a completely automated way by simply having access to the url. The url (online article) should be assessed according to a set of criteria and scored for the possiblity of being valid, unbiased news. The end goal is that ",
            Object {
              "instance": null,
              "key": undefined,
              "nodeType": "host",
              "props": Object {
                "children": "Facebook",
              },
              "ref": null,
              "rendered": "Facebook",
              "type": "b",
            },
            " and other social media giants will one day ",
            Object {
              "instance": null,
              "key": undefined,
              "nodeType": "host",
              "props": Object {
                "children": "score every article posted",
              },
              "ref": null,
              "rendered": "score every article posted",
              "type": "b",
            },
            ", so that readers are alert to the implications. Disclaimer: this is NOT a fact-checker!",
          ],
          "type": "p",
        },
        Object {
          "instance": null,
          "key": undefined,
          "nodeType": "host",
          "props": Object {
            "children": Array [
              <div
                className="go-example"
>
                <p>
                                suggested URLs:
                </p>
                <button
                                onClick={[Function]}
                >
                                Example
                </button>
</div>,
              <div
                className="go-methods"
>
                <p>
                                how scores are formulated:
                </p>
                <button
                                onClick={[Function]}
                >
                                Methods
                </button>
</div>,
            ],
            "className": "redirect",
          },
          "ref": null,
          "rendered": Array [
            Object {
              "instance": null,
              "key": undefined,
              "nodeType": "host",
              "props": Object {
                "children": Array [
                  <p>
                    suggested URLs:
</p>,
                  <button
                    onClick={[Function]}
>
                    Example
</button>,
                ],
                "className": "go-example",
              },
              "ref": null,
              "rendered": Array [
                Object {
                  "instance": null,
                  "key": undefined,
                  "nodeType": "host",
                  "props": Object {
                    "children": "suggested URLs:",
                  },
                  "ref": null,
                  "rendered": "suggested URLs:",
                  "type": "p",
                },
                Object {
                  "instance": null,
                  "key": undefined,
                  "nodeType": "host",
                  "props": Object {
                    "children": "Example",
                    "onClick": [Function],
                  },
                  "ref": null,
                  "rendered": "Example",
                  "type": "button",
                },
              ],
              "type": "div",
            },
            Object {
              "instance": null,
              "key": undefined,
              "nodeType": "host",
              "props": Object {
                "children": Array [
                  <p>
                    how scores are formulated:
</p>,
                  <button
                    onClick={[Function]}
>
                    Methods
</button>,
                ],
                "className": "go-methods",
              },
              "ref": null,
              "rendered": Array [
                Object {
                  "instance": null,
                  "key": undefined,
                  "nodeType": "host",
                  "props": Object {
                    "children": "how scores are formulated:",
                  },
                  "ref": null,
                  "rendered": "how scores are formulated:",
                  "type": "p",
                },
                Object {
                  "instance": null,
                  "key": undefined,
                  "nodeType": "host",
                  "props": Object {
                    "children": "Methods",
                    "onClick": [Function],
                  },
                  "ref": null,
                  "rendered": "Methods",
                  "type": "button",
                },
              ],
              "type": "div",
            },
          ],
          "type": "div",
        },
        Object {
          "instance": null,
          "key": undefined,
          "nodeType": "host",
          "props": Object {
            "children": Array [
              <h5>
                created by:
</h5>,
              <h5>
                Bruce Chung
</h5>,
            ],
            "className": "credits",
          },
          "ref": null,
          "rendered": Array [
            Object {
              "instance": null,
              "key": undefined,
              "nodeType": "host",
              "props": Object {
                "children": "created by:",
              },
              "ref": null,
              "rendered": "created by:",
              "type": "h5",
            },
            Object {
              "instance": null,
              "key": undefined,
              "nodeType": "host",
              "props": Object {
                "children": "Bruce Chung",
              },
              "ref": null,
              "rendered": "Bruce Chung",
              "type": "h5",
            },
          ],
          "type": "div",
        },
      ],
      "type": "div",
    },
  ],
  Symbol(enzyme.__options__): Object {
    "adapter": ReactSixteenAdapter {
      "options": Object {
        "enableComponentDidUpdateOnSetState": true,
      },
    },
  },
}
`;
